Archive member included to satisfy reference by file (symbol)

c:/program files/st/stm32cubeide_1.6.0/stm32cubeide/plugins/com.st.stm32cube.ide.mcu.externaltools.gnu-tools-for-stm32.9-2020-q2-update.win32_1.5.0.202011040924/tools/bin/../lib/gcc/arm-none-eabi/9.3.1/../../../../arm-none-eabi/lib/thumb/v7-m/nofp\libc_nano.a(lib_a-errno.o)
                              Core/Src/syscalls.o (__errno)
c:/program files/st/stm32cubeide_1.6.0/stm32cubeide/plugins/com.st.stm32cube.ide.mcu.externaltools.gnu-tools-for-stm32.9-2020-q2-update.win32_1.5.0.202011040924/tools/bin/../lib/gcc/arm-none-eabi/9.3.1/../../../../arm-none-eabi/lib/thumb/v7-m/nofp\libc_nano.a(lib_a-exit.o)
                              c:/program files/st/stm32cubeide_1.6.0/stm32cubeide/plugins/com.st.stm32cube.ide.mcu.externaltools.gnu-tools-for-stm32.9-2020-q2-update.win32_1.5.0.202011040924/tools/bin/../lib/gcc/arm-none-eabi/9.3.1/../../../../arm-none-eabi/lib/thumb/v7-m/nofp/crt0.o (exit)
c:/program files/st/stm32cubeide_1.6.0/stm32cubeide/plugins/com.st.stm32cube.ide.mcu.externaltools.gnu-tools-for-stm32.9-2020-q2-update.win32_1.5.0.202011040924/tools/bin/../lib/gcc/arm-none-eabi/9.3.1/../../../../arm-none-eabi/lib/thumb/v7-m/nofp\libc_nano.a(lib_a-impure.o)
                              c:/program files/st/stm32cubeide_1.6.0/stm32cubeide/plugins/com.st.stm32cube.ide.mcu.externaltools.gnu-tools-for-stm32.9-2020-q2-update.win32_1.5.0.202011040924/tools/bin/../lib/gcc/arm-none-eabi/9.3.1/../../../../arm-none-eabi/lib/thumb/v7-m/nofp\libc_nano.a(lib_a-exit.o) (_global_impure_ptr)
c:/program files/st/stm32cubeide_1.6.0/stm32cubeide/plugins/com.st.stm32cube.ide.mcu.externaltools.gnu-tools-for-stm32.9-2020-q2-update.win32_1.5.0.202011040924/tools/bin/../lib/gcc/arm-none-eabi/9.3.1/../../../../arm-none-eabi/lib/thumb/v7-m/nofp\libc_nano.a(lib_a-init.o)
                              c:/program files/st/stm32cubeide_1.6.0/stm32cubeide/plugins/com.st.stm32cube.ide.mcu.externaltools.gnu-tools-for-stm32.9-2020-q2-update.win32_1.5.0.202011040924/tools/bin/../lib/gcc/arm-none-eabi/9.3.1/../../../../arm-none-eabi/lib/thumb/v7-m/nofp/crt0.o (__libc_init_array)
c:/program files/st/stm32cubeide_1.6.0/stm32cubeide/plugins/com.st.stm32cube.ide.mcu.externaltools.gnu-tools-for-stm32.9-2020-q2-update.win32_1.5.0.202011040924/tools/bin/../lib/gcc/arm-none-eabi/9.3.1/../../../../arm-none-eabi/lib/thumb/v7-m/nofp\libc_nano.a(lib_a-memset.o)
                              c:/program files/st/stm32cubeide_1.6.0/stm32cubeide/plugins/com.st.stm32cube.ide.mcu.externaltools.gnu-tools-for-stm32.9-2020-q2-update.win32_1.5.0.202011040924/tools/bin/../lib/gcc/arm-none-eabi/9.3.1/../../../../arm-none-eabi/lib/thumb/v7-m/nofp/crt0.o (memset)

Allocating common symbols
Common symbol       size              file

uwTick              0x4               Drivers/STM32F1xx_HAL_Driver/Src/stm32f1xx_hal.o
pFlash              0x20              Drivers/STM32F1xx_HAL_Driver/Src/stm32f1xx_hal_flash.o
htim1               0x48              Core/Src/main.o

Discarded input sections

 .text          0x0000000000000000        0x0 c:/program files/st/stm32cubeide_1.6.0/stm32cubeide/plugins/com.st.stm32cube.ide.mcu.externaltools.gnu-tools-for-stm32.9-2020-q2-update.win32_1.5.0.202011040924/tools/bin/../lib/gcc/arm-none-eabi/9.3.1/thumb/v7-m/nofp/crti.o
 .data          0x0000000000000000        0x0 c:/program files/st/stm32cubeide_1.6.0/stm32cubeide/plugins/com.st.stm32cube.ide.mcu.externaltools.gnu-tools-for-stm32.9-2020-q2-update.win32_1.5.0.202011040924/tools/bin/../lib/gcc/arm-none-eabi/9.3.1/thumb/v7-m/nofp/crti.o
 .bss           0x0000000000000000        0x0 c:/program files/st/stm32cubeide_1.6.0/stm32cubeide/plugins/com.st.stm32cube.ide.mcu.externaltools.gnu-tools-for-stm32.9-2020-q2-update.win32_1.5.0.202011040924/tools/bin/../lib/gcc/arm-none-eabi/9.3.1/thumb/v7-m/nofp/crti.o
 .data          0x0000000000000000        0x4 c:/program files/st/stm32cubeide_1.6.0/stm32cubeide/plugins/com.st.stm32cube.ide.mcu.externaltools.gnu-tools-for-stm32.9-2020-q2-update.win32_1.5.0.202011040924/tools/bin/../lib/gcc/arm-none-eabi/9.3.1/thumb/v7-m/nofp/crtbegin.o
 .text          0x0000000000000000       0x7c c:/program files/st/stm32cubeide_1.6.0/stm32cubeide/plugins/com.st.stm32cube.ide.mcu.externaltools.gnu-tools-for-stm32.9-2020-q2-update.win32_1.5.0.202011040924/tools/bin/../lib/gcc/arm-none-eabi/9.3.1/../../../../arm-none-eabi/lib/thumb/v7-m/nofp/crt0.o
 .data          0x0000000000000000        0x0 c:/program files/st/stm32cubeide_1.6.0/stm32cubeide/plugins/com.st.stm32cube.ide.mcu.externaltools.gnu-tools-for-stm32.9-2020-q2-update.win32_1.5.0.202011040924/tools/bin/../lib/gcc/arm-none-eabi/9.3.1/../../../../arm-none-eabi/lib/thumb/v7-m/nofp/crt0.o
[...]
Memory Configuration

Name             Origin             Length             Attributes
RAM              0x0000000020000000 0x0000000000005000 xrw
FLASH            0x0000000008000000 0x0000000000010000 xr
*default*        0x0000000000000000 0xffffffffffffffff

Linker script and memory map

LOAD c:/program files/st/stm32cubeide_1.6.0/stm32cubeide/plugins/com.st.stm32cube.ide.mcu.externaltools.gnu-tools-for-stm32.9-2020-q2-update.win32_1.5.0.202011040924/tools/bin/../lib/gcc/arm-none-eabi/9.3.1/thumb/v7-m/nofp/crti.o
LOAD c:/program files/st/stm32cubeide_1.6.0/stm32cubeide/plugins/com.st.stm32cube.ide.mcu.externaltools.gnu-tools-for-stm32.9-2020-q2-update.win32_1.5.0.202011040924/tools/bin/../lib/gcc/arm-none-eabi/9.3.1/thumb/v7-m/nofp/crtbegin.o
LOAD c:/program files/st/stm32cubeide_1.6.0/stm32cubeide/plugins/com.st.stm32cube.ide.mcu.externaltools.gnu-tools-for-stm32.9-2020-q2-update.win32_1.5.0.202011040924/tools/bin/../lib/gcc/arm-none-eabi/9.3.1/../../../../arm-none-eabi/lib/thumb/v7-m/nofp/crt0.o
LOAD Core/Src/main.o
LOAD Core/Src/stm32f1xx_hal_msp.o
LOAD Core/Src/stm32f1xx_it.o
LOAD Core/Src/syscalls.o
LOAD Core/Src/sysmem.o
LOAD Core/Src/system_stm32f1xx.o
LOAD Core/Startup/startup_stm32f103c8tx.o
LOAD Drivers/STM32F1xx_HAL_Driver/Src/stm32f1xx_hal.o
LOAD Drivers/STM32F1xx_HAL_Driver/Src/stm32f1xx_hal_cortex.o
LOAD Drivers/STM32F1xx_HAL_Driver/Src/stm32f1xx_hal_dma.o
LOAD Drivers/STM32F1xx_HAL_Driver/Src/stm32f1xx_hal_exti.o
LOAD Drivers/STM32F1xx_HAL_Driver/Src/stm32f1xx_hal_flash.o
LOAD Drivers/STM32F1xx_HAL_Driver/Src/stm32f1xx_hal_flash_ex.o
LOAD Drivers/STM32F1xx_HAL_Driver/Src/stm32f1xx_hal_gpio.o
LOAD Drivers/STM32F1xx_HAL_Driver/Src/stm32f1xx_hal_gpio_ex.o
LOAD Drivers/STM32F1xx_HAL_Driver/Src/stm32f1xx_hal_pwr.o
LOAD Drivers/STM32F1xx_HAL_Driver/Src/stm32f1xx_hal_rcc.o
LOAD Drivers/STM32F1xx_HAL_Driver/Src/stm32f1xx_hal_rcc_ex.o
LOAD Drivers/STM32F1xx_HAL_Driver/Src/stm32f1xx_hal_tim.o
LOAD Drivers/STM32F1xx_HAL_Driver/Src/stm32f1xx_hal_tim_ex.o
START GROUP
LOAD c:/program files/st/stm32cubeide_1.6.0/stm32cubeide/plugins/com.st.stm32cube.ide.mcu.externaltools.gnu-tools-for-stm32.9-2020-q2-update.win32_1.5.0.202011040924/tools/bin/../lib/gcc/arm-none-eabi/9.3.1/../../../../arm-none-eabi/lib/thumb/v7-m/nofp\libc_nano.a
LOAD c:/program files/st/stm32cubeide_1.6.0/stm32cubeide/plugins/com.st.stm32cube.ide.mcu.externaltools.gnu-tools-for-stm32.9-2020-q2-update.win32_1.5.0.202011040924/tools/bin/../lib/gcc/arm-none-eabi/9.3.1/../../../../arm-none-eabi/lib/thumb/v7-m/nofp\libm.a
END GROUP
START GROUP
LOAD c:/program files/st/stm32cubeide_1.6.0/stm32cubeide/plugins/com.st.stm32cube.ide.mcu.externaltools.gnu-tools-for-stm32.9-2020-q2-update.win32_1.5.0.202011040924/tools/bin/../lib/gcc/arm-none-eabi/9.3.1/thumb/v7-m/nofp\libgcc.a
LOAD c:/program files/st/stm32cubeide_1.6.0/stm32cubeide/plugins/com.st.stm32cube.ide.mcu.externaltools.gnu-tools-for-stm32.9-2020-q2-update.win32_1.5.0.202011040924/tools/bin/../lib/gcc/arm-none-eabi/9.3.1/../../../../arm-none-eabi/lib/thumb/v7-m/nofp\libc_nano.a
END GROUP
START GROUP
LOAD c:/program files/st/stm32cubeide_1.6.0/stm32cubeide/plugins/com.st.stm32cube.ide.mcu.externaltools.gnu-tools-for-stm32.9-2020-q2-update.win32_1.5.0.202011040924/tools/bin/../lib/gcc/arm-none-eabi/9.3.1/thumb/v7-m/nofp\libgcc.a
LOAD c:/program files/st/stm32cubeide_1.6.0/stm32cubeide/plugins/com.st.stm32cube.ide.mcu.externaltools.gnu-tools-for-stm32.9-2020-q2-update.win32_1.5.0.202011040924/tools/bin/../lib/gcc/arm-none-eabi/9.3.1/../../../../arm-none-eabi/lib/thumb/v7-m/nofp\libc_nano.a
LOAD c:/program files/st/stm32cubeide_1.6.0/stm32cubeide/plugins/com.st.stm32cube.ide.mcu.externaltools.gnu-tools-for-stm32.9-2020-q2-update.win32_1.5.0.202011040924/tools/bin/../lib/gcc/arm-none-eabi/9.3.1/../../../../arm-none-eabi/lib/thumb/v7-m/nofp\libnosys.a
END GROUP
START GROUP
LOAD c:/program files/st/stm32cubeide_1.6.0/stm32cubeide/plugins/com.st.stm32cube.ide.mcu.externaltools.gnu-tools-for-stm32.9-2020-q2-update.win32_1.5.0.202011040924/tools/bin/../lib/gcc/arm-none-eabi/9.3.1/thumb/v7-m/nofp\libgcc.a
LOAD c:/program files/st/stm32cubeide_1.6.0/stm32cubeide/plugins/com.st.stm32cube.ide.mcu.externaltools.gnu-tools-for-stm32.9-2020-q2-update.win32_1.5.0.202011040924/tools/bin/../lib/gcc/arm-none-eabi/9.3.1/../../../../arm-none-eabi/lib/thumb/v7-m/nofp\libc_nano.a
LOAD c:/program files/st/stm32cubeide_1.6.0/stm32cubeide/plugins/com.st.stm32cube.ide.mcu.externaltools.gnu-tools-for-stm32.9-2020-q2-update.win32_1.5.0.202011040924/tools/bin/../lib/gcc/arm-none-eabi/9.3.1/../../../../arm-none-eabi/lib/thumb/v7-m/nofp\libnosys.a
END GROUP
LOAD c:/program files/st/stm32cubeide_1.6.0/stm32cubeide/plugins/com.st.stm32cube.ide.mcu.externaltools.gnu-tools-for-stm32.9-2020-q2-update.win32_1.5.0.202011040924/tools/bin/../lib/gcc/arm-none-eabi/9.3.1/thumb/v7-m/nofp/crtend.o
LOAD c:/program files/st/stm32cubeide_1.6.0/stm32cubeide/plugins/com.st.stm32cube.ide.mcu.externaltools.gnu-tools-for-stm32.9-2020-q2-update.win32_1.5.0.202011040924/tools/bin/../lib/gcc/arm-none-eabi/9.3.1/thumb/v7-m/nofp/crtn.o
                0x0000000020005000                _estack = (ORIGIN (RAM) + LENGTH (RAM))
                0x0000000000000200                _Min_Heap_Size = 0x200
                0x0000000000000400                _Min_Stack_Size = 0x400

.isr_vector     0x0000000008000000      0x10c
                0x0000000008000000                . = ALIGN (0x4)
 *(.isr_vector)
 .isr_vector    0x0000000008000000      0x10c Core/Startup/startup_stm32f103c8tx.o
                0x0000000008000000                g_pfnVectors
                0x000000000800010c                . = ALIGN (0x4)

.text           0x000000000800010c     0xa664
                0x000000000800010c                . = ALIGN (0x4)
 *(.text)
 .text          0x000000000800010c       0x40 c:/program files/st/stm32cubeide_1.6.0/stm32cubeide/plugins/com.st.stm32cube.ide.mcu.externaltools.gnu-tools-for-stm32.9-2020-q2-update.win32_1.5.0.202011040924/tools/bin/../lib/gcc/arm-none-eabi/9.3.1/thumb/v7-m/nofp/crtbegin.o
 .text          0x000000000800014c      0x370 Core/Src/main.o
                0x000000000800014c                main
                0x0000000008000174                SystemClock_Config
                0x0000000008000424                HAL_GPIO_EXTI_Callback
                0x000000000800044c                HAL_TIM_PeriodElapsedCallback
                0x00000000080004b0                Error_Handler
 .text          0x00000000080004bc      0x14c Core/Src/stm32f1xx_hal_msp.o
                0x00000000080004bc                HAL_MspInit
                0x0000000008000520                HAL_TIM_Base_MspInit
                0x000000000800056c                HAL_TIM_MspPostInit
                0x00000000080005d4                HAL_TIM_Base_MspDeInit
 .text          0x0000000008000608       0x70 Core/Src/stm32f1xx_it.o
                0x0000000008000608                NMI_Handler
                0x000000000800060e                HardFault_Handler
                0x0000000008000614                MemManage_Handler
                0x000000000800061a                BusFault_Handler
                0x0000000008000620                UsageFault_Handler
                0x0000000008000626                SVC_Handler
                0x0000000008000632                DebugMon_Handler
                0x000000000800063e                PendSV_Handler
                0x000000000800064a                SysTick_Handler
                0x0000000008000656                EXTI0_IRQHandler
                0x0000000008000664                TIM1_UP_IRQHandler
 .text          0x0000000008000678       0xf0 Core/Src/system_stm32f1xx.o
                0x0000000008000678                SystemInit
                0x0000000008000684                SystemCoreClockUpdate
 .text          0x0000000008000768      0x32c Drivers/STM32F1xx_HAL_Driver/Src/stm32f1xx_hal.o
                0x0000000008000768                HAL_Init
                0x0000000008000794                HAL_DeInit
                0x00000000080007d0                HAL_MspDeInit
                0x00000000080007dc                HAL_InitTick
                0x000000000800083c                HAL_IncTick
                0x0000000008000860                HAL_GetTick
                0x0000000008000874                HAL_GetTickPrio
                0x0000000008000888                HAL_SetTickFreq
                0x00000000080008d8                HAL_GetTickFreq
                0x00000000080008ec                HAL_Delay
                0x0000000008000934                HAL_SuspendTick
                0x0000000008000950                HAL_ResumeTick
                0x000000000800096c                HAL_GetHalVersion
                0x0000000008000980                HAL_GetREVID
                0x0000000008000998                HAL_GetDEVID
                0x00000000080009b0                HAL_GetUIDw0
                0x00000000080009c4                HAL_GetUIDw1
                0x00000000080009d8                HAL_GetUIDw2
                0x00000000080009ec                HAL_DBGMCU_EnableDBGSleepMode
                0x0000000008000a08                HAL_DBGMCU_DisableDBGSleepMode
                0x0000000008000a24                HAL_DBGMCU_EnableDBGStopMode
                0x0000000008000a40                HAL_DBGMCU_DisableDBGStopMode
                0x0000000008000a5c                HAL_DBGMCU_EnableDBGStandbyMode
                0x0000000008000a78                HAL_DBGMCU_DisableDBGStandbyMode
 .text          0x0000000008000a94      0x560 Drivers/STM32F1xx_HAL_Driver/Src/stm32f1xx_hal_cortex.o
                0x0000000008000e50                HAL_NVIC_SetPriorityGrouping
                0x0000000008000e66                HAL_NVIC_SetPriority
                0x0000000008000e9e                HAL_NVIC_EnableIRQ
                0x0000000008000eba                HAL_NVIC_DisableIRQ
                0x0000000008000ed6                HAL_NVIC_SystemReset
                0x0000000008000ede                HAL_SYSTICK_Config
                0x0000000008000ef6                HAL_NVIC_GetPriorityGrouping
                0x0000000008000f04                HAL_NVIC_GetPriority
                0x0000000008000f30                HAL_NVIC_SetPendingIRQ
                0x0000000008000f4c                HAL_NVIC_GetPendingIRQ
                0x0000000008000f6a                HAL_NVIC_ClearPendingIRQ
                0x0000000008000f86                HAL_NVIC_GetActive
                0x0000000008000fa4                HAL_SYSTICK_CLKSourceConfig
                0x0000000008000fdc                HAL_SYSTICK_IRQHandler
                0x0000000008000fe8                HAL_SYSTICK_Callback
 .text          0x0000000008000ff4      0xae8 Drivers/STM32F1xx_HAL_Driver/Src/stm32f1xx_hal_dma.o
                0x0000000008000ff4                HAL_DMA_Init
                0x00000000080010a8                HAL_DMA_DeInit
                0x0000000008001160                HAL_DMA_Start
                0x00000000080011e4                HAL_DMA_Start_IT
                0x00000000080012a2                HAL_DMA_Abort
                0x0000000008001316                HAL_DMA_Abort_IT
                0x0000000008001404                HAL_DMA_PollForTransfer
                0x0000000008001710                HAL_DMA_IRQHandler
                0x000000000800191c                HAL_DMA_RegisterCallback
                0x00000000080019aa                HAL_DMA_UnRegisterCallback
                0x0000000008001a54                HAL_DMA_GetState
                0x0000000008001a6c                HAL_DMA_GetError
 .text          0x0000000008001adc      0x5a4 Drivers/STM32F1xx_HAL_Driver/Src/stm32f1xx_hal_gpio.o
                0x0000000008001adc                HAL_GPIO_Init
                0x0000000008001de4                HAL_GPIO_DeInit
                0x0000000008001f5c                HAL_GPIO_ReadPin
                0x0000000008001f8a                HAL_GPIO_WritePin
                0x0000000008001fba                HAL_GPIO_TogglePin
                0x0000000008001fec                HAL_GPIO_LockPin
                0x000000000800203a                HAL_GPIO_EXTI_IRQHandler
 .text          0x0000000008002080      0xba0 Drivers/STM32F1xx_HAL_Driver/Src/stm32f1xx_hal_rcc.o
                0x0000000008002080                HAL_RCC_DeInit
                0x00000000080021b4                HAL_RCC_OscConfig
                0x00000000080026b4                HAL_RCC_ClockConfig
                0x0000000008002888                HAL_RCC_MCOConfig
                0x00000000080028f8                HAL_RCC_EnableCSS
                0x0000000008002910                HAL_RCC_DisableCSS
                0x0000000008002928                HAL_RCC_GetSysClockFreq
                0x00000000080029e8                HAL_RCC_GetHCLKFreq
                0x00000000080029fc                HAL_RCC_GetPCLK1Freq
                0x0000000008002a24                HAL_RCC_GetPCLK2Freq
                0x0000000008002a4c                HAL_RCC_GetOscConfig
                0x0000000008002b50                HAL_RCC_GetClockConfig
                0x0000000008002bb0                HAL_RCC_NMI_IRQHandler
                0x0000000008002c14                HAL_RCC_CSSCallback
 .text          0x0000000008002c20     0x57dc Drivers/STM32F1xx_HAL_Driver/Src/stm32f1xx_hal_tim.o
                0x0000000008002c20                HAL_TIM_Base_Init
                0x0000000008002cbe                HAL_TIM_Base_DeInit
                0x0000000008002d8a                HAL_TIM_Base_Start
                0x0000000008002e20                HAL_TIM_Base_Stop
                0x0000000008002e6c                HAL_TIM_Base_Start_IT
                0x0000000008002f10                HAL_TIM_Base_Stop_IT
                0x0000000008002f6c                HAL_TIM_Base_Start_DMA
                0x0000000008003078                HAL_TIM_Base_Stop_DMA
                0x00000000080030dc                HAL_TIM_OC_Init
                0x000000000800317a                HAL_TIM_OC_DeInit
                0x0000000008003222                HAL_TIM_OC_MspInit
                0x0000000008003234                HAL_TIM_OC_MspDeInit
                0x0000000008003246                HAL_TIM_OC_Start
                0x000000000800338c                HAL_TIM_OC_Stop
                0x0000000008003454                HAL_TIM_OC_Start_IT
                0x0000000008003624                HAL_TIM_OC_Stop_IT
                0x0000000008003778                HAL_TIM_OC_Start_DMA
                0x0000000008003aac                HAL_TIM_OC_Stop_DMA
                0x0000000008003c28                HAL_TIM_PWM_Init
                0x0000000008003cc6                HAL_TIM_PWM_DeInit
                0x0000000008003d6e                HAL_TIM_PWM_MspInit
                0x0000000008003d80                HAL_TIM_PWM_MspDeInit
                0x0000000008003d92                HAL_TIM_PWM_Start
                0x0000000008003ed8                HAL_TIM_PWM_Stop
                0x0000000008003fa0                HAL_TIM_PWM_Start_IT
                0x0000000008004170                HAL_TIM_PWM_Stop_IT
                0x00000000080042c4                HAL_TIM_PWM_Start_DMA
                0x00000000080045f8                HAL_TIM_PWM_Stop_DMA
                0x0000000008004774                HAL_TIM_IC_Init
                0x0000000008004812                HAL_TIM_IC_DeInit
                0x00000000080048ba                HAL_TIM_IC_MspInit
                0x00000000080048cc                HAL_TIM_IC_MspDeInit
                0x00000000080048de                HAL_TIM_IC_Start
                0x0000000008004a5c                HAL_TIM_IC_Stop
                0x0000000008004b1e                HAL_TIM_IC_Start_IT
                0x0000000008004d28                HAL_TIM_IC_Stop_IT
                0x0000000008004e76                HAL_TIM_IC_Start_DMA
                0x000000000800518c                HAL_TIM_IC_Stop_DMA
                0x0000000008005300                HAL_TIM_OnePulse_Init
                0x00000000080053a0                HAL_TIM_OnePulse_DeInit
                0x0000000008005428                HAL_TIM_OnePulse_MspInit
                0x000000000800543a                HAL_TIM_OnePulse_MspDeInit
                0x000000000800544c                HAL_TIM_OnePulse_Start
                0x00000000080054f8                HAL_TIM_OnePulse_Stop
                0x00000000080055b8                HAL_TIM_OnePulse_Start_IT
                0x0000000008005684                HAL_TIM_OnePulse_Stop_IT
                0x0000000008005764                HAL_TIM_Encoder_Init
                0x00000000080058a8                HAL_TIM_Encoder_DeInit
                0x0000000008005930                HAL_TIM_Encoder_MspInit
                0x0000000008005942                HAL_TIM_Encoder_MspDeInit
                0x0000000008005954                HAL_TIM_Encoder_Start
                0x0000000008005a70                HAL_TIM_Encoder_Stop
                0x0000000008005b9e                HAL_TIM_Encoder_Start_IT
                0x0000000008005cfa                HAL_TIM_Encoder_Stop_IT
                0x0000000008005e64                HAL_TIM_Encoder_Start_DMA
                0x000000000800614c                HAL_TIM_Encoder_Stop_DMA
                0x00000000080062de                HAL_TIM_IRQHandler
                0x00000000080064ee                HAL_TIM_OC_ConfigChannel
                0x000000000800659c                HAL_TIM_IC_ConfigChannel
                0x00000000080066c4                HAL_TIM_PWM_ConfigChannel
                0x0000000008006840                HAL_TIM_OnePulse_ConfigChannel
                0x00000000080069c4                HAL_TIM_DMABurst_WriteStart
                0x00000000080069f4                HAL_TIM_DMABurst_MultiWriteStart
                0x0000000008006c90                HAL_TIM_DMABurst_WriteStop
                0x0000000008006d76                HAL_TIM_DMABurst_ReadStart
                0x0000000008006da6                HAL_TIM_DMABurst_MultiReadStart
                0x0000000008007040                HAL_TIM_DMABurst_ReadStop
                0x0000000008007126                HAL_TIM_GenerateEvent
                0x0000000008007172                HAL_TIM_ConfigOCrefClear
                0x00000000080072fc                HAL_TIM_ConfigClockSource
                0x0000000008007484                HAL_TIM_ConfigTI1Input
                0x00000000080074ba                HAL_TIM_SlaveConfigSynchro
                0x000000000800753e                HAL_TIM_SlaveConfigSynchro_IT
                0x00000000080075c2                HAL_TIM_ReadCapturedValue
                0x0000000008007658                HAL_TIM_PeriodElapsedHalfCpltCallback
                0x000000000800766a                HAL_TIM_OC_DelayElapsedCallback
                0x000000000800767c                HAL_TIM_IC_CaptureCallback
                0x000000000800768e                HAL_TIM_IC_CaptureHalfCpltCallback
                0x00000000080076a0                HAL_TIM_PWM_PulseFinishedCallback
                0x00000000080076b2                HAL_TIM_PWM_PulseFinishedHalfCpltCallback
                0x00000000080076c4                HAL_TIM_TriggerCallback
                0x00000000080076d6                HAL_TIM_TriggerHalfCpltCallback
                0x00000000080076e8                HAL_TIM_ErrorCallback
                0x00000000080076fa                HAL_TIM_Base_GetState
                0x0000000008007714                HAL_TIM_OC_GetState
                0x000000000800772e                HAL_TIM_PWM_GetState
                0x0000000008007748                HAL_TIM_IC_GetState
                0x0000000008007762                HAL_TIM_OnePulse_GetState
                0x000000000800777c                HAL_TIM_Encoder_GetState
                0x0000000008007796                HAL_TIM_GetActiveChannel
                0x00000000080077ac                HAL_TIM_GetChannelState
                0x00000000080077fc                HAL_TIM_DMABurstState
                0x0000000008007816                TIM_DMAError
                0x0000000008007950                TIM_DMADelayPulseHalfCplt
                0x00000000080079b8                TIM_DMACaptureCplt
                0x0000000008007a80                TIM_DMACaptureHalfCplt
                0x0000000008007b7c                TIM_Base_SetConfig
                0x0000000008007d0c                TIM_OC2_SetConfig
                0x000000000800806c                TIM_TI1_SetConfig
                0x0000000008008374                TIM_ETR_SetConfig
                0x00000000080083b2                TIM_CCxChannelCmd
 .text          0x00000000080083fc     0x22b8 Drivers/STM32F1xx_HAL_Driver/Src/stm32f1xx_hal_tim_ex.o
                0x00000000080083fc                HAL_TIMEx_HallSensor_Init
                0x000000000800854e                HAL_TIMEx_HallSensor_DeInit
                0x00000000080085d6                HAL_TIMEx_HallSensor_MspInit
                0x00000000080085e8                HAL_TIMEx_HallSensor_MspDeInit
                0x00000000080085fa                HAL_TIMEx_HallSensor_Start
                0x00000000080086e0                HAL_TIMEx_HallSensor_Stop
                0x0000000008008750                HAL_TIMEx_HallSensor_Start_IT
                0x0000000008008844                HAL_TIMEx_HallSensor_Stop_IT
                0x00000000080088c4                HAL_TIMEx_HallSensor_Start_DMA
                0x00000000080089f8                HAL_TIMEx_HallSensor_Stop_DMA
                0x0000000008008a72                HAL_TIMEx_OCN_Start
                0x0000000008008bac                HAL_TIMEx_OCN_Stop
                0x0000000008008c66                HAL_TIMEx_OCN_Start_IT
                0x0000000008008e04                HAL_TIMEx_OCN_Stop_IT
                0x0000000008008f34                HAL_TIMEx_OCN_Start_DMA
                0x00000000080091ec                HAL_TIMEx_OCN_Stop_DMA
                0x0000000008009316                HAL_TIMEx_PWMN_Start
                0x0000000008009450                HAL_TIMEx_PWMN_Stop
                0x000000000800950a                HAL_TIMEx_PWMN_Start_IT
                0x00000000080096a8                HAL_TIMEx_PWMN_Stop_IT
                0x00000000080097d8                HAL_TIMEx_PWMN_Start_DMA
                0x0000000008009a90                HAL_TIMEx_PWMN_Stop_DMA
                0x0000000008009bba                HAL_TIMEx_OnePulseN_Start
                0x0000000008009cfc                HAL_TIMEx_OnePulseN_Stop
                0x0000000008009e0a                HAL_TIMEx_OnePulseN_Start_IT
                0x0000000008009f6c                HAL_TIMEx_OnePulseN_Stop_IT
                0x000000000800a09a                HAL_TIMEx_ConfigCommutEvent
                0x000000000800a158                HAL_TIMEx_ConfigCommutEvent_IT
                0x000000000800a216                HAL_TIMEx_ConfigCommutEvent_DMA
                0x000000000800a2f8                HAL_TIMEx_MasterConfigSynchronization
                0x000000000800a3b4                HAL_TIMEx_ConfigBreakDeadTime
                0x000000000800a456                HAL_TIMEx_RemapConfig
                0x000000000800a46c                HAL_TIMEx_CommutCallback
                0x000000000800a47e                HAL_TIMEx_CommutHalfCpltCallback
                0x000000000800a490                HAL_TIMEx_BreakCallback
                0x000000000800a4a2                HAL_TIMEx_HallSensor_GetState
                0x000000000800a4bc                HAL_TIMEx_GetChannelNState
                0x000000000800a50c                TIMEx_DMACommutationCplt
                0x000000000800a530                TIMEx_DMACommutationHalfCplt
 *(.text*)
 .text.Reset_Handler
                0x000000000800a6b4       0x48 Core/Startup/startup_stm32f103c8tx.o
                0x000000000800a6b4                Reset_Handler
 .text.Default_Handler
                0x000000000800a6fc        0x2 Core/Startup/startup_stm32f103c8tx.o
                0x000000000800a6fc                RTC_Alarm_IRQHandler
                0x000000000800a6fc                EXTI2_IRQHandler
                0x000000000800a6fc                TIM1_CC_IRQHandler
                0x000000000800a6fc                PVD_IRQHandler
                0x000000000800a6fc                EXTI3_IRQHandler
                0x000000000800a6fc                I2C2_EV_IRQHandler
                0x000000000800a6fc                ADC1_2_IRQHandler
                0x000000000800a6fc                SPI1_IRQHandler
                0x000000000800a6fc                TAMPER_IRQHandler
                0x000000000800a6fc                DMA1_Channel4_IRQHandler
                0x000000000800a6fc                USART3_IRQHandler
                0x000000000800a6fc                RTC_IRQHandler
                0x000000000800a6fc                DMA1_Channel7_IRQHandler
                0x000000000800a6fc                CAN1_RX1_IRQHandler
                0x000000000800a6fc                TIM4_IRQHandler
                0x000000000800a6fc                I2C1_EV_IRQHandler
                0x000000000800a6fc                DMA1_Channel6_IRQHandler
                0x000000000800a6fc                TIM3_IRQHandler
                0x000000000800a6fc                RCC_IRQHandler
                0x000000000800a6fc                TIM1_TRG_COM_IRQHandler
                0x000000000800a6fc                DMA1_Channel1_IRQHandler
                0x000000000800a6fc                Default_Handler
                0x000000000800a6fc                EXTI15_10_IRQHandler
                0x000000000800a6fc                EXTI9_5_IRQHandler
                0x000000000800a6fc                SPI2_IRQHandler
                0x000000000800a6fc                DMA1_Channel5_IRQHandler
                0x000000000800a6fc                EXTI4_IRQHandler
                0x000000000800a6fc                USB_LP_CAN1_RX0_IRQHandler
                0x000000000800a6fc                USB_HP_CAN1_TX_IRQHandler
                0x000000000800a6fc                DMA1_Channel3_IRQHandler
                0x000000000800a6fc                WWDG_IRQHandler
                0x000000000800a6fc                TIM2_IRQHandler
                0x000000000800a6fc                TIM1_BRK_IRQHandler
                0x000000000800a6fc                EXTI1_IRQHandler
                0x000000000800a6fc                USART2_IRQHandler
                0x000000000800a6fc                I2C2_ER_IRQHandler
                0x000000000800a6fc                DMA1_Channel2_IRQHandler
                0x000000000800a6fc                CAN1_SCE_IRQHandler
                0x000000000800a6fc                FLASH_IRQHandler
                0x000000000800a6fc                USART1_IRQHandler
                0x000000000800a6fc                I2C1_ER_IRQHandler
                0x000000000800a6fc                USBWakeUp_IRQHandler
 *fill*         0x000000000800a6fe        0x2 
 .text.__libc_init_array
                0x000000000800a700       0x48 c:/program files/st/stm32cubeide_1.6.0/stm32cubeide/plugins/com.st.stm32cube.ide.mcu.externaltools.gnu-tools-for-stm32.9-2020-q2-update.win32_1.5.0.202011040924/tools/bin/../lib/gcc/arm-none-eabi/9.3.1/../../../../arm-none-eabi/lib/thumb/v7-m/nofp\libc_nano.a(lib_a-init.o)
                0x000000000800a700                __libc_init_array
 .text.memset   0x000000000800a748       0x10 c:/program files/st/stm32cubeide_1.6.0/stm32cubeide/plugins/com.st.stm32cube.ide.mcu.externaltools.gnu-tools-for-stm32.9-2020-q2-update.win32_1.5.0.202011040924/tools/bin/../lib/gcc/arm-none-eabi/9.3.1/../../../../arm-none-eabi/lib/thumb/v7-m/nofp\libc_nano.a(lib_a-memset.o)
                0x000000000800a748                memset
 *(.glue_7)
 .glue_7        0x000000000800a758        0x0 linker stubs
 *(.glue_7t)
 .glue_7t       0x000000000800a758        0x0 linker stubs
 *(.eh_frame)
 .eh_frame      0x000000000800a758        0x0 c:/program files/st/stm32cubeide_1.6.0/stm32cubeide/plugins/com.st.stm32cube.ide.mcu.externaltools.gnu-tools-for-stm32.9-2020-q2-update.win32_1.5.0.202011040924/tools/bin/../lib/gcc/arm-none-eabi/9.3.1/thumb/v7-m/nofp/crtbegin.o
 *(.init)
 .init          0x000000000800a758        0x4 c:/program files/st/stm32cubeide_1.6.0/stm32cubeide/plugins/com.st.stm32cube.ide.mcu.externaltools.gnu-tools-for-stm32.9-2020-q2-update.win32_1.5.0.202011040924/tools/bin/../lib/gcc/arm-none-eabi/9.3.1/thumb/v7-m/nofp/crti.o
                0x000000000800a758                _init
 .init          0x000000000800a75c        0x8 c:/program files/st/stm32cubeide_1.6.0/stm32cubeide/plugins/com.st.stm32cube.ide.mcu.externaltools.gnu-tools-for-stm32.9-2020-q2-update.win32_1.5.0.202011040924/tools/bin/../lib/gcc/arm-none-eabi/9.3.1/thumb/v7-m/nofp/crtn.o
 *(.fini)
 .fini          0x000000000800a764        0x4 c:/program files/st/stm32cubeide_1.6.0/stm32cubeide/plugins/com.st.stm32cube.ide.mcu.externaltools.gnu-tools-for-stm32.9-2020-q2-update.win32_1.5.0.202011040924/tools/bin/../lib/gcc/arm-none-eabi/9.3.1/thumb/v7-m/nofp/crti.o
                0x000000000800a764                _fini
 .fini          0x000000000800a768        0x8 c:/program files/st/stm32cubeide_1.6.0/stm32cubeide/plugins/com.st.stm32cube.ide.mcu.externaltools.gnu-tools-for-stm32.9-2020-q2-update.win32_1.5.0.202011040924/tools/bin/../lib/gcc/arm-none-eabi/9.3.1/thumb/v7-m/nofp/crtn.o
                0x000000000800a770                . = ALIGN (0x4)
                0x000000000800a770                _etext = .

.vfp11_veneer   0x000000000800a770        0x0
 .vfp11_veneer  0x000000000800a770        0x0 linker stubs

.v4_bx          0x000000000800a770        0x0
 .v4_bx         0x000000000800a770        0x0 linker stubs

.iplt           0x000000000800a770        0x0
 .iplt          0x000000000800a770        0x0 c:/program files/st/stm32cubeide_1.6.0/stm32cubeide/plugins/com.st.stm32cube.ide.mcu.externaltools.gnu-tools-for-stm32.9-2020-q2-update.win32_1.5.0.202011040924/tools/bin/../lib/gcc/arm-none-eabi/9.3.1/thumb/v7-m/nofp/crtbegin.o

.rodata         0x000000000800a770       0x28
                0x000000000800a770                . = ALIGN (0x4)
 *(.rodata)
 .rodata        0x000000000800a770       0x18 Core/Src/system_stm32f1xx.o
                0x000000000800a770                AHBPrescTable
                0x000000000800a780                APBPrescTable
 .rodata        0x000000000800a788       0x10 Drivers/STM32F1xx_HAL_Driver/Src/stm32f1xx_hal_rcc.o
 *(.rodata*)
                0x000000000800a798                . = ALIGN (0x4)

.rel.dyn        0x000000000800a798        0x0
 .rel.iplt      0x000000000800a798        0x0 c:/program files/st/stm32cubeide_1.6.0/stm32cubeide/plugins/com.st.stm32cube.ide.mcu.externaltools.gnu-tools-for-stm32.9-2020-q2-update.win32_1.5.0.202011040924/tools/bin/../lib/gcc/arm-none-eabi/9.3.1/thumb/v7-m/nofp/crtbegin.o

.ARM.extab      0x000000000800a798        0x0
                0x000000000800a798                . = ALIGN (0x4)
 *(.ARM.extab* .gnu.linkonce.armextab.*)
                0x000000000800a798                . = ALIGN (0x4)

.ARM            0x000000000800a798        0x0
                0x000000000800a798                . = ALIGN (0x4)
                0x000000000800a798                __exidx_start = .
 *(.ARM.exidx*)
                0x000000000800a798                __exidx_end = .
                0x000000000800a798                . = ALIGN (0x4)

.preinit_array  0x000000000800a798        0x0
                0x000000000800a798                . = ALIGN (0x4)
                0x000000000800a798                PROVIDE (__preinit_array_start = .)
 *(.preinit_array*)
                0x000000000800a798                PROVIDE (__preinit_array_end = .)
                0x000000000800a798                . = ALIGN (0x4)

.init_array     0x000000000800a798        0x4
                0x000000000800a798                . = ALIGN (0x4)
                0x000000000800a798                PROVIDE (__init_array_start = .)
 *(SORT_BY_NAME(.init_array.*))
 *(.init_array*)
 .init_array    0x000000000800a798        0x4 c:/program files/st/stm32cubeide_1.6.0/stm32cubeide/plugins/com.st.stm32cube.ide.mcu.externaltools.gnu-tools-for-stm32.9-2020-q2-update.win32_1.5.0.202011040924/tools/bin/../lib/gcc/arm-none-eabi/9.3.1/thumb/v7-m/nofp/crtbegin.o
                0x000000000800a79c                PROVIDE (__init_array_end = .)
                0x000000000800a79c                . = ALIGN (0x4)

.fini_array     0x000000000800a79c        0x4
                0x000000000800a79c                . = ALIGN (0x4)
                [!provide]                        PROVIDE (__fini_array_start = .)
 *(SORT_BY_NAME(.fini_array.*))
 *(.fini_array*)
 .fini_array    0x000000000800a79c        0x4 c:/program files/st/stm32cubeide_1.6.0/stm32cubeide/plugins/com.st.stm32cube.ide.mcu.externaltools.gnu-tools-for-stm32.9-2020-q2-update.win32_1.5.0.202011040924/tools/bin/../lib/gcc/arm-none-eabi/9.3.1/thumb/v7-m/nofp/crtbegin.o
                [!provide]                        PROVIDE (__fini_array_end = .)
                0x000000000800a7a0                . = ALIGN (0x4)
                0x000000000800a7a0                _sidata = LOADADDR (.data)

.data           0x0000000020000000       0x10 load address 0x000000000800a7a0
                0x0000000020000000                . = ALIGN (0x4)
                0x0000000020000000                _sdata = .
 *(.data)
 .data          0x0000000020000000        0x1 Core/Src/main.o
                0x0000000020000000                prevState
 *fill*         0x0000000020000001        0x3 
 .data          0x0000000020000004        0x4 Core/Src/system_stm32f1xx.o
                0x0000000020000004                SystemCoreClock
 .data          0x0000000020000008        0x5 Drivers/STM32F1xx_HAL_Driver/Src/stm32f1xx_hal.o
                0x0000000020000008                uwTickPrio
                0x000000002000000c                uwTickFreq
 *(.data*)
 *(.RamFunc)
 *(.RamFunc*)
                0x0000000020000010                . = ALIGN (0x4)
 *fill*         0x000000002000000d        0x3 
                0x0000000020000010                _edata = .

.igot.plt       0x0000000020000010        0x0 load address 0x000000000800a7b0
 .igot.plt      0x0000000020000010        0x0 c:/program files/st/stm32cubeide_1.6.0/stm32cubeide/plugins/com.st.stm32cube.ide.mcu.externaltools.gnu-tools-for-stm32.9-2020-q2-update.win32_1.5.0.202011040924/tools/bin/../lib/gcc/arm-none-eabi/9.3.1/thumb/v7-m/nofp/crtbegin.o
                0x0000000020000010                . = ALIGN (0x4)

.bss            0x0000000020000010       0x6c load address 0x000000000800a7b0
                0x0000000020000010                _sbss = .
                0x0000000020000010                __bss_start__ = _sbss
 *(.bss)
 .bss           0x0000000020000010       0x1c c:/program files/st/stm32cubeide_1.6.0/stm32cubeide/plugins/com.st.stm32cube.ide.mcu.externaltools.gnu-tools-for-stm32.9-2020-q2-update.win32_1.5.0.202011040924/tools/bin/../lib/gcc/arm-none-eabi/9.3.1/thumb/v7-m/nofp/crtbegin.o
 .bss           0x000000002000002c        0x1 Core/Src/main.o
                0x000000002000002c                touchCount
 *(.bss*)
 *(COMMON)
 *fill*         0x000000002000002d        0x3 
 COMMON         0x0000000020000030       0x48 Core/Src/main.o
                0x0000000020000030                htim1
 COMMON         0x0000000020000078        0x4 Drivers/STM32F1xx_HAL_Driver/Src/stm32f1xx_hal.o
                0x0000000020000078                uwTick
                0x000000002000007c                . = ALIGN (0x4)
                0x000000002000007c                _ebss = .
                0x000000002000007c                __bss_end__ = _ebss

._user_heap_stack
                0x000000002000007c      0x604 load address 0x000000000800a7b0
                0x0000000020000080                . = ALIGN (0x8)
 *fill*         0x000000002000007c        0x4 
                [!provide]                        PROVIDE (end = .)
                0x0000000020000080                PROVIDE (_end = .)
                0x0000000020000280                . = (. + _Min_Heap_Size)
 *fill*         0x0000000020000080      0x200 
                0x0000000020000680                . = (. + _Min_Stack_Size)
 *fill*         0x0000000020000280      0x400 
                0x0000000020000680                . = ALIGN (0x8)

/DISCARD/
 libc.a(*)
 libm.a(*)
 libgcc.a(*)

.ARM.attributes
                0x0000000000000000       0x29
 *(.ARM.attributes)
 .ARM.attributes
                0x0000000000000000       0x1d c:/program files/st/stm32cubeide_1.6.0/stm32cubeide/plugins/com.st.stm32cube.ide.mcu.externaltools.gnu-tools-for-stm32.9-2020-q2-update.win32_1.5.0.202011040924/tools/bin/../lib/gcc/arm-none-eabi/9.3.1/thumb/v7-m/nofp/crti.o
 .ARM.attributes
                0x000000000000001d       0x2d c:/program files/st/stm32cubeide_1.6.0/stm32cubeide/plugins/com.st.stm32cube.ide.mcu.externaltools.gnu-tools-for-stm32.9-2020-q2-update.win32_1.5.0.202011040924/tools/bin/../lib/gcc/arm-none-eabi/9.3.1/thumb/v7-m/nofp/crtbegin.o
 .ARM.attributes
                0x000000000000004a       0x2d Core/Src/main.o
 .ARM.attributes
                0x0000000000000077       0x2d Core/Src/stm32f1xx_hal_msp.o
 .ARM.attributes
                0x00000000000000a4       0x2d Core/Src/stm32f1xx_it.o
 .ARM.attributes
                0x00000000000000d1       0x2d Core/Src/system_stm32f1xx.o
 .ARM.attributes
                0x00000000000000fe       0x21 Core/Startup/startup_stm32f103c8tx.o
 .ARM.attributes
                0x000000000000011f       0x2d Drivers/STM32F1xx_HAL_Driver/Src/stm32f1xx_hal.o
 .ARM.attributes
                0x000000000000014c       0x2d Drivers/STM32F1xx_HAL_Driver/Src/stm32f1xx_hal_cortex.o
 .ARM.attributes
                0x0000000000000179       0x2d Drivers/STM32F1xx_HAL_Driver/Src/stm32f1xx_hal_dma.o
 .ARM.attributes
                0x00000000000001a6       0x2d Drivers/STM32F1xx_HAL_Driver/Src/stm32f1xx_hal_gpio.o
 .ARM.attributes
                0x00000000000001d3       0x2d Drivers/STM32F1xx_HAL_Driver/Src/stm32f1xx_hal_rcc.o
 .ARM.attributes
                0x0000000000000200       0x2d Drivers/STM32F1xx_HAL_Driver/Src/stm32f1xx_hal_tim.o
 .ARM.attributes
                0x000000000000022d       0x2d Drivers/STM32F1xx_HAL_Driver/Src/stm32f1xx_hal_tim_ex.o
 .ARM.attributes
                0x000000000000025a       0x2d c:/program files/st/stm32cubeide_1.6.0/stm32cubeide/plugins/com.st.stm32cube.ide.mcu.externaltools.gnu-tools-for-stm32.9-2020-q2-update.win32_1.5.0.202011040924/tools/bin/../lib/gcc/arm-none-eabi/9.3.1/../../../../arm-none-eabi/lib/thumb/v7-m/nofp\libc_nano.a(lib_a-init.o)
 .ARM.attributes
                0x0000000000000287       0x2d c:/program files/st/stm32cubeide_1.6.0/stm32cubeide/plugins/com.st.stm32cube.ide.mcu.externaltools.gnu-tools-for-stm32.9-2020-q2-update.win32_1.5.0.202011040924/tools/bin/../lib/gcc/arm-none-eabi/9.3.1/../../../../arm-none-eabi/lib/thumb/v7-m/nofp\libc_nano.a(lib_a-memset.o)
 .ARM.attributes
                0x00000000000002b4       0x1d c:/program files/st/stm32cubeide_1.6.0/stm32cubeide/plugins/com.st.stm32cube.ide.mcu.externaltools.gnu-tools-for-stm32.9-2020-q2-update.win32_1.5.0.202011040924/tools/bin/../lib/gcc/arm-none-eabi/9.3.1/thumb/v7-m/nofp/crtn.o
OUTPUT(GPIO_IT.elf elf32-littlearm)
LOAD linker stubs
LOAD c:/program files/st/stm32cubeide_1.6.0/stm32cubeide/plugins/com.st.stm32cube.ide.mcu.externaltools.gnu-tools-for-stm32.9-2020-q2-update.win32_1.5.0.202011040924/tools/bin/../lib/gcc/arm-none-eabi/9.3.1/../../../../arm-none-eabi/lib/thumb/v7-m/nofp\libc.a
LOAD c:/program files/st/stm32cubeide_1.6.0/stm32cubeide/plugins/com.st.stm32cube.ide.mcu.externaltools.gnu-tools-for-stm32.9-2020-q2-update.win32_1.5.0.202011040924/tools/bin/../lib/gcc/arm-none-eabi/9.3.1/../../../../arm-none-eabi/lib/thumb/v7-m/nofp\libm.a
LOAD c:/program files/st/stm32cubeide_1.6.0/stm32cubeide/plugins/com.st.stm32cube.ide.mcu.externaltools.gnu-tools-for-stm32.9-2020-q2-update.win32_1.5.0.202011040924/tools/bin/../lib/gcc/arm-none-eabi/9.3.1/thumb/v7-m/nofp\libgcc.a

.debug_info     0x0000000000000000     0x8e5c
 .debug_info    0x0000000000000000      0xe87 Core/Src/main.o
 .debug_info    0x0000000000000e87      0xb4c Core/Src/stm32f1xx_hal_msp.o
 .debug_info    0x00000000000019d3      0x7de Core/Src/stm32f1xx_it.o
 .debug_info    0x00000000000021b1      0x2be Core/Src/system_stm32f1xx.o
 .debug_info    0x000000000000246f       0x22 Core/Startup/startup_stm32f103c8tx.o
 .debug_info    0x0000000000002491      0x76a Drivers/STM32F1xx_HAL_Driver/Src/stm32f1xx_hal.o
 .debug_info    0x0000000000002bfb      0xbdc Drivers/STM32F1xx_HAL_Driver/Src/stm32f1xx_hal_cortex.o
 .debug_info    0x00000000000037d7      0x81e Drivers/STM32F1xx_HAL_Driver/Src/stm32f1xx_hal_dma.o
 .debug_info    0x0000000000003ff5      0x701 Drivers/STM32F1xx_HAL_Driver/Src/stm32f1xx_hal_gpio.o
 .debug_info    0x00000000000046f6      0x88e Drivers/STM32F1xx_HAL_Driver/Src/stm32f1xx_hal_rcc.o
 .debug_info    0x0000000000004f84     0x2a43 Drivers/STM32F1xx_HAL_Driver/Src/stm32f1xx_hal_tim.o
 .debug_info    0x00000000000079c7     0x1495 Drivers/STM32F1xx_HAL_Driver/Src/stm32f1xx_hal_tim_ex.o

.debug_abbrev   0x0000000000000000     0x1747
 .debug_abbrev  0x0000000000000000      0x262 Core/Src/main.o
 .debug_abbrev  0x0000000000000262      0x1c8 Core/Src/stm32f1xx_hal_msp.o
 .debug_abbrev  0x000000000000042a      0x176 Core/Src/stm32f1xx_it.o
 .debug_abbrev  0x00000000000005a0      0x14e Core/Src/system_stm32f1xx.o
 .debug_abbrev  0x00000000000006ee       0x12 Core/Startup/startup_stm32f103c8tx.o
 .debug_abbrev  0x0000000000000700      0x1ed Drivers/STM32F1xx_HAL_Driver/Src/stm32f1xx_hal.o
 .debug_abbrev  0x00000000000008ed      0x313 Drivers/STM32F1xx_HAL_Driver/Src/stm32f1xx_hal_cortex.o
 .debug_abbrev  0x0000000000000c00      0x228 Drivers/STM32F1xx_HAL_Driver/Src/stm32f1xx_hal_dma.o
 .debug_abbrev  0x0000000000000e28      0x1e8 Drivers/STM32F1xx_HAL_Driver/Src/stm32f1xx_hal_gpio.o
 .debug_abbrev  0x0000000000001010      0x273 Drivers/STM32F1xx_HAL_Driver/Src/stm32f1xx_hal_rcc.o
 .debug_abbrev  0x0000000000001283      0x25e Drivers/STM32F1xx_HAL_Driver/Src/stm32f1xx_hal_tim.o
 .debug_abbrev  0x00000000000014e1      0x266 Drivers/STM32F1xx_HAL_Driver/Src/stm32f1xx_hal_tim_ex.o

.debug_aranges  0x0000000000000000      0x188
 .debug_aranges
                0x0000000000000000       0x20 Core/Src/main.o
 .debug_aranges
                0x0000000000000020       0x20 Core/Src/stm32f1xx_hal_msp.o
 .debug_aranges
                0x0000000000000040       0x20 Core/Src/stm32f1xx_it.o
 .debug_aranges
                0x0000000000000060       0x20 Core/Src/system_stm32f1xx.o
 .debug_aranges
                0x0000000000000080       0x28 Core/Startup/startup_stm32f103c8tx.o
 .debug_aranges
                0x00000000000000a8       0x20 Drivers/STM32F1xx_HAL_Driver/Src/stm32f1xx_hal.o
 .debug_aranges
                0x00000000000000c8       0x20 Drivers/STM32F1xx_HAL_Driver/Src/stm32f1xx_hal_cortex.o
 .debug_aranges
                0x00000000000000e8       0x20 Drivers/STM32F1xx_HAL_Driver/Src/stm32f1xx_hal_dma.o
 .debug_aranges
                0x0000000000000108       0x20 Drivers/STM32F1xx_HAL_Driver/Src/stm32f1xx_hal_gpio.o
 .debug_aranges
                0x0000000000000128       0x20 Drivers/STM32F1xx_HAL_Driver/Src/stm32f1xx_hal_rcc.o
 .debug_aranges
                0x0000000000000148       0x20 Drivers/STM32F1xx_HAL_Driver/Src/stm32f1xx_hal_tim.o
 .debug_aranges
                0x0000000000000168       0x20 Drivers/STM32F1xx_HAL_Driver/Src/stm32f1xx_hal_tim_ex.o

.debug_macro    0x0000000000000000    0x16734
 .debug_macro   0x0000000000000000      0x1a8 Core/Src/main.o
 .debug_macro   0x00000000000001a8      0xa9c Core/Src/main.o
 .debug_macro   0x0000000000000c44      0x215 Core/Src/main.o
 .debug_macro   0x0000000000000e59       0x2e Core/Src/main.o
 .debug_macro   0x0000000000000e87       0x22 Core/Src/main.o
 .debug_macro   0x0000000000000ea9       0x22 Core/Src/main.o
 .debug_macro   0x0000000000000ecb       0x8e Core/Src/main.o
 .debug_macro   0x0000000000000f59       0x51 Core/Src/main.o
 .debug_macro   0x0000000000000faa      0x103 Core/Src/main.o
 .debug_macro   0x00000000000010ad       0x6a Core/Src/main.o
 .debug_macro   0x0000000000001117      0x1df Core/Src/main.o
 .debug_macro   0x00000000000012f6       0x1c Core/Src/main.o
 .debug_macro   0x0000000000001312       0x22 Core/Src/main.o
 .debug_macro   0x0000000000001334       0xc3 Core/Src/main.o
 .debug_macro   0x00000000000013f7      0xd23 Core/Src/main.o
 .debug_macro   0x000000000000211a     0xe097 Core/Src/main.o
 .debug_macro   0x00000000000101b1       0x43 Core/Src/main.o
 .debug_macro   0x00000000000101f4     0x3468 Core/Src/main.o
 .debug_macro   0x000000000001365c      0x174 Core/Src/main.o
 .debug_macro   0x00000000000137d0       0x5c Core/Src/main.o
 .debug_macro   0x000000000001382c      0x5be Core/Src/main.o
 .debug_macro   0x0000000000013dea      0x289 Core/Src/main.o
 .debug_macro   0x0000000000014073      0x1cb Core/Src/main.o
 .debug_macro   0x000000000001423e      0x114 Core/Src/main.o
 .debug_macro   0x0000000000014352      0x1b2 Core/Src/main.o
 .debug_macro   0x0000000000014504       0x27 Core/Src/main.o
 .debug_macro   0x000000000001452b      0x136 Core/Src/main.o
 .debug_macro   0x0000000000014661      0x1bc Core/Src/main.o
 .debug_macro   0x000000000001481d       0x34 Core/Src/main.o
 .debug_macro   0x0000000000014851       0x3c Core/Src/main.o
 .debug_macro   0x000000000001488d       0x57 Core/Src/main.o
 .debug_macro   0x00000000000148e4       0x88 Core/Src/main.o
 .debug_macro   0x000000000001496c      0x241 Core/Src/main.o
 .debug_macro   0x0000000000014bad      0x141 Core/Src/main.o
 .debug_macro   0x0000000000014cee      0x8d1 Core/Src/main.o
 .debug_macro   0x00000000000155bf       0x83 Core/Src/main.o
 .debug_macro   0x0000000000015642       0x2e Core/Src/main.o
 .debug_macro   0x0000000000015670      0x1a8 Core/Src/stm32f1xx_hal_msp.o
 .debug_macro   0x0000000000015818      0x1b2 Core/Src/stm32f1xx_it.o
 .debug_macro   0x00000000000159ca      0x199 Core/Src/system_stm32f1xx.o
 .debug_macro   0x0000000000015b63      0x1bd Drivers/STM32F1xx_HAL_Driver/Src/stm32f1xx_hal.o
 .debug_macro   0x0000000000015d20      0x199 Drivers/STM32F1xx_HAL_Driver/Src/stm32f1xx_hal_cortex.o
 .debug_macro   0x0000000000015eb9      0x199 Drivers/STM32F1xx_HAL_Driver/Src/stm32f1xx_hal_dma.o
 .debug_macro   0x0000000000016052      0x204 Drivers/STM32F1xx_HAL_Driver/Src/stm32f1xx_hal_gpio.o
 .debug_macro   0x0000000000016256      0x1ab Drivers/STM32F1xx_HAL_Driver/Src/stm32f1xx_hal_rcc.o
 .debug_macro   0x0000000000016401      0x19a Drivers/STM32F1xx_HAL_Driver/Src/stm32f1xx_hal_tim.o
 .debug_macro   0x000000000001659b      0x199 Drivers/STM32F1xx_HAL_Driver/Src/stm32f1xx_hal_tim_ex.o

.debug_line     0x0000000000000000     0x967c
 .debug_line    0x0000000000000000      0x80c Core/Src/main.o
 .debug_line    0x000000000000080c      0x702 Core/Src/stm32f1xx_hal_msp.o
 .debug_line    0x0000000000000f0e      0x72a Core/Src/stm32f1xx_it.o
 .debug_line    0x0000000000001638      0x73b Core/Src/system_stm32f1xx.o
 .debug_line    0x0000000000001d73       0x84 Core/Startup/startup_stm32f103c8tx.o
 .debug_line    0x0000000000001df7      0x7fb Drivers/STM32F1xx_HAL_Driver/Src/stm32f1xx_hal.o
 .debug_line    0x00000000000025f2      0x99f Drivers/STM32F1xx_HAL_Driver/Src/stm32f1xx_hal_cortex.o
 .debug_line    0x0000000000002f91      0xd1f Drivers/STM32F1xx_HAL_Driver/Src/stm32f1xx_hal_dma.o
 .debug_line    0x0000000000003cb0      0x9a2 Drivers/STM32F1xx_HAL_Driver/Src/stm32f1xx_hal_gpio.o
 .debug_line    0x0000000000004652      0xcab Drivers/STM32F1xx_HAL_Driver/Src/stm32f1xx_hal_rcc.o
 .debug_line    0x00000000000052fd     0x2be1 Drivers/STM32F1xx_HAL_Driver/Src/stm32f1xx_hal_tim.o
 .debug_line    0x0000000000007ede     0x179e Drivers/STM32F1xx_HAL_Driver/Src/stm32f1xx_hal_tim_ex.o

.debug_str      0x0000000000000000    0x83cfc
 .debug_str     0x0000000000000000    0x81b88 Core/Src/main.o
                                      0x81ffc (size before relaxing)
 .debug_str     0x0000000000081b88       0xa4 Core/Src/stm32f1xx_hal_msp.o
                                      0x81ce1 (size before relaxing)
 .debug_str     0x0000000000081c2c       0xce Core/Src/stm32f1xx_it.o
                                      0x819c1 (size before relaxing)
 .debug_str     0x0000000000081cfa       0x52 Core/Src/system_stm32f1xx.o
                                      0x813e1 (size before relaxing)
 .debug_str     0x0000000000081d4c       0x36 Core/Startup/startup_stm32f103c8tx.o
                                         0x70 (size before relaxing)
 .debug_str     0x0000000000081d82      0x304 Drivers/STM32F1xx_HAL_Driver/Src/stm32f1xx_hal.o
                                      0x81a72 (size before relaxing)
 .debug_str     0x0000000000082086      0x300 Drivers/STM32F1xx_HAL_Driver/Src/stm32f1xx_hal_cortex.o
                                      0x81a7a (size before relaxing)
 .debug_str     0x0000000000082386      0x23d Drivers/STM32F1xx_HAL_Driver/Src/stm32f1xx_hal_dma.o
                                      0x817bc (size before relaxing)
 .debug_str     0x00000000000825c3      0x2ff Drivers/STM32F1xx_HAL_Driver/Src/stm32f1xx_hal_gpio.o
                                      0x817a5 (size before relaxing)
 .debug_str     0x00000000000828c2      0x24f Drivers/STM32F1xx_HAL_Driver/Src/stm32f1xx_hal_rcc.o
                                      0x817de (size before relaxing)
 .debug_str     0x0000000000082b11      0xd68 Drivers/STM32F1xx_HAL_Driver/Src/stm32f1xx_hal_tim.o
                                      0x827b0 (size before relaxing)
 .debug_str     0x0000000000083879      0x483 Drivers/STM32F1xx_HAL_Driver/Src/stm32f1xx_hal_tim_ex.o
                                      0x81f8a (size before relaxing)

.comment        0x0000000000000000       0x53
 .comment       0x0000000000000000       0x53 Core/Src/main.o
                                         0x54 (size before relaxing)
 .comment       0x0000000000000053       0x54 Core/Src/stm32f1xx_hal_msp.o
 .comment       0x0000000000000053       0x54 Core/Src/stm32f1xx_it.o
 .comment       0x0000000000000053       0x54 Core/Src/system_stm32f1xx.o
 .comment       0x0000000000000053       0x54 Drivers/STM32F1xx_HAL_Driver/Src/stm32f1xx_hal.o
 .comment       0x0000000000000053       0x54 Drivers/STM32F1xx_HAL_Driver/Src/stm32f1xx_hal_cortex.o
 .comment       0x0000000000000053       0x54 Drivers/STM32F1xx_HAL_Driver/Src/stm32f1xx_hal_dma.o
 .comment       0x0000000000000053       0x54 Drivers/STM32F1xx_HAL_Driver/Src/stm32f1xx_hal_gpio.o
 .comment       0x0000000000000053       0x54 Drivers/STM32F1xx_HAL_Driver/Src/stm32f1xx_hal_rcc.o
 .comment       0x0000000000000053       0x54 Drivers/STM32F1xx_HAL_Driver/Src/stm32f1xx_hal_tim.o
 .comment       0x0000000000000053       0x54 Drivers/STM32F1xx_HAL_Driver/Src/stm32f1xx_hal_tim_ex.o

.debug_frame    0x0000000000000000     0x2838
 .debug_frame   0x0000000000000000       0xf8 Core/Src/main.o
 .debug_frame   0x00000000000000f8       0xa4 Core/Src/stm32f1xx_hal_msp.o
 .debug_frame   0x000000000000019c      0x13c Core/Src/stm32f1xx_it.o
 .debug_frame   0x00000000000002d8       0x58 Core/Src/system_stm32f1xx.o
 .debug_frame   0x0000000000000330      0x334 Drivers/STM32F1xx_HAL_Driver/Src/stm32f1xx_hal.o
 .debug_frame   0x0000000000000664      0x428 Drivers/STM32F1xx_HAL_Driver/Src/stm32f1xx_hal_cortex.o
 .debug_frame   0x0000000000000a8c      0x208 Drivers/STM32F1xx_HAL_Driver/Src/stm32f1xx_hal_dma.o
 .debug_frame   0x0000000000000c94      0x14c Drivers/STM32F1xx_HAL_Driver/Src/stm32f1xx_hal_gpio.o
 .debug_frame   0x0000000000000de0      0x21c Drivers/STM32F1xx_HAL_Driver/Src/stm32f1xx_hal_rcc.o
 .debug_frame   0x0000000000000ffc     0x11b8 Drivers/STM32F1xx_HAL_Driver/Src/stm32f1xx_hal_tim.o
 .debug_frame   0x00000000000021b4      0x638 Drivers/STM32F1xx_HAL_Driver/Src/stm32f1xx_hal_tim_ex.o
 .debug_frame   0x00000000000027ec       0x2c c:/program files/st/stm32cubeide_1.6.0/stm32cubeide/plugins/com.st.stm32cube.ide.mcu.externaltools.gnu-tools-for-stm32.9-2020-q2-update.win32_1.5.0.202011040924/tools/bin/../lib/gcc/arm-none-eabi/9.3.1/../../../../arm-none-eabi/lib/thumb/v7-m/nofp\libc_nano.a(lib_a-init.o)
 .debug_frame   0x0000000000002818       0x20 c:/program files/st/stm32cubeide_1.6.0/stm32cubeide/plugins/com.st.stm32cube.ide.mcu.externaltools.gnu-tools-for-stm32.9-2020-q2-update.win32_1.5.0.202011040924/tools/bin/../lib/gcc/arm-none-eabi/9.3.1/../../../../arm-none-eabi/lib/thumb/v7-m/nofp\libc_nano.a(lib_a-memset.o)

.debug_ranges   0x0000000000000000       0x20
 .debug_ranges  0x0000000000000000       0x20 Core/Startup/startup_stm32f103c8tx.o
